// Rstest Snapshot v1

exports[`[SNAPSHOT] Radio > should render basic radio 1`] = `
<label
  class="src-ui-controls-Radio-src-index-module__Radio-n_YMWT"
  for="_r_0_"
>
  <div
    class="src-ui-layout-Flex-src-index-module__Flex-CjMHfi src-ui-layout-Flex-src-index-module__Flex--align-flex-start-yILvEN src-ui-layout-Flex-src-index-module__Flex--gap-2x-ZDY28w"
  >
    <input
      class="src-ui-controls-Radio-src-index-module__Radio__input-yKqNww"
      id="_r_0_"
      type="radio"
    />
    <div
      class="src-ui-layout-Flex-src-index-module__Flex-CjMHfi src-ui-layout-Flex-src-index-module__Flex--direction-column-AI7WGW"
    >
      <span
        class="src-ui-basic-Typography-src-index-module__Typography-Tt8pr3 src-ui-basic-Typography-src-index-module__Typography--type-base-CFs1tQ src-ui-controls-Radio-src-index-module__Radio__label-EGFlEw"
      >
        Basic radio
      </span>
    </div>
  </div>
</label>
`;

exports[`[SNAPSHOT] Radio > should render checked radio 1`] = `
<label
  class="src-ui-controls-Radio-src-index-module__Radio-n_YMWT"
  for="_r_6_"
>
  <div
    class="src-ui-layout-Flex-src-index-module__Flex-CjMHfi src-ui-layout-Flex-src-index-module__Flex--align-flex-start-yILvEN src-ui-layout-Flex-src-index-module__Flex--gap-2x-ZDY28w"
  >
    <input
      checked=""
      class="src-ui-controls-Radio-src-index-module__Radio__input-yKqNww"
      id="_r_6_"
      readonly=""
      type="radio"
    />
    <div
      class="src-ui-layout-Flex-src-index-module__Flex-CjMHfi src-ui-layout-Flex-src-index-module__Flex--direction-column-AI7WGW"
    >
      <span
        class="src-ui-basic-Typography-src-index-module__Typography-Tt8pr3 src-ui-basic-Typography-src-index-module__Typography--type-base-CFs1tQ src-ui-controls-Radio-src-index-module__Radio__label-EGFlEw"
      >
        Checked radio
      </span>
    </div>
  </div>
</label>
`;

exports[`[SNAPSHOT] Radio > should render disabled radio 1`] = `
<label
  class="src-ui-controls-Radio-src-index-module__Radio-n_YMWT"
  for="_r_5_"
>
  <div
    class="src-ui-layout-Flex-src-index-module__Flex-CjMHfi src-ui-layout-Flex-src-index-module__Flex--align-flex-start-yILvEN src-ui-layout-Flex-src-index-module__Flex--gap-2x-ZDY28w"
  >
    <input
      class="src-ui-controls-Radio-src-index-module__Radio__input-yKqNww"
      disabled=""
      id="_r_5_"
      type="radio"
    />
    <div
      class="src-ui-layout-Flex-src-index-module__Flex-CjMHfi src-ui-layout-Flex-src-index-module__Flex--direction-column-AI7WGW"
    >
      <span
        class="src-ui-basic-Typography-src-index-module__Typography-Tt8pr3 src-ui-basic-Typography-src-index-module__Typography--type-base-CFs1tQ src-ui-controls-Radio-src-index-module__Radio__label-EGFlEw"
      >
        Disabled radio
      </span>
    </div>
  </div>
</label>
`;

exports[`[SNAPSHOT] Radio > should render with all props 1`] = `
<label
  class="src-ui-controls-Radio-src-index-module__Radio-n_YMWT custom-class"
  for="full-radio"
>
  <div
    class="src-ui-layout-Flex-src-index-module__Flex-CjMHfi src-ui-layout-Flex-src-index-module__Flex--align-flex-start-yILvEN src-ui-layout-Flex-src-index-module__Flex--gap-2x-ZDY28w"
  >
    <input
      class="src-ui-controls-Radio-src-index-module__Radio__input-yKqNww"
      disabled=""
      id="full-radio"
      type="radio"
      value="full-option"
    />
    <div
      class="src-ui-layout-Flex-src-index-module__Flex-CjMHfi src-ui-layout-Flex-src-index-module__Flex--direction-column-AI7WGW"
    >
      <span
        class="src-ui-basic-Typography-src-index-module__Typography-Tt8pr3 src-ui-basic-Typography-src-index-module__Typography--type-base-CFs1tQ src-ui-controls-Radio-src-index-module__Radio__label-EGFlEw"
      >
        Full featured radio
      </span>
      <span
        class="src-ui-basic-Typography-src-index-module__Typography-Tt8pr3 src-ui-basic-Typography-src-index-module__Typography--type-micro-btqKWh src-ui-controls-Radio-src-index-module__Radio__description-SSV3oT"
      >
        Description text
      </span>
    </div>
  </div>
</label>
`;

exports[`[SNAPSHOT] Radio > should render with custom className 1`] = `
<label
  class="src-ui-controls-Radio-src-index-module__Radio-n_YMWT my-custom-class"
  for="_r_4_"
>
  <div
    class="src-ui-layout-Flex-src-index-module__Flex-CjMHfi src-ui-layout-Flex-src-index-module__Flex--align-flex-start-yILvEN src-ui-layout-Flex-src-index-module__Flex--gap-2x-ZDY28w"
  >
    <input
      class="src-ui-controls-Radio-src-index-module__Radio__input-yKqNww"
      id="_r_4_"
      type="radio"
    />
    <div
      class="src-ui-layout-Flex-src-index-module__Flex-CjMHfi src-ui-layout-Flex-src-index-module__Flex--direction-column-AI7WGW"
    >
      <span
        class="src-ui-basic-Typography-src-index-module__Typography-Tt8pr3 src-ui-basic-Typography-src-index-module__Typography--type-base-CFs1tQ src-ui-controls-Radio-src-index-module__Radio__label-EGFlEw"
      >
        Custom radio
      </span>
    </div>
  </div>
</label>
`;

exports[`[SNAPSHOT] Radio > should render with custom id 1`] = `
<label
  class="src-ui-controls-Radio-src-index-module__Radio-n_YMWT"
  for="custom-radio-id"
>
  <div
    class="src-ui-layout-Flex-src-index-module__Flex-CjMHfi src-ui-layout-Flex-src-index-module__Flex--align-flex-start-yILvEN src-ui-layout-Flex-src-index-module__Flex--gap-2x-ZDY28w"
  >
    <input
      class="src-ui-controls-Radio-src-index-module__Radio__input-yKqNww"
      id="custom-radio-id"
      type="radio"
    />
    <div
      class="src-ui-layout-Flex-src-index-module__Flex-CjMHfi src-ui-layout-Flex-src-index-module__Flex--direction-column-AI7WGW"
    >
      <span
        class="src-ui-basic-Typography-src-index-module__Typography-Tt8pr3 src-ui-basic-Typography-src-index-module__Typography--type-base-CFs1tQ src-ui-controls-Radio-src-index-module__Radio__label-EGFlEw"
      >
        Custom ID
      </span>
    </div>
  </div>
</label>
`;

exports[`[SNAPSHOT] Radio > should render with description 1`] = `
<label
  class="src-ui-controls-Radio-src-index-module__Radio-n_YMWT"
  for="_r_1_"
>
  <div
    class="src-ui-layout-Flex-src-index-module__Flex-CjMHfi src-ui-layout-Flex-src-index-module__Flex--align-flex-start-yILvEN src-ui-layout-Flex-src-index-module__Flex--gap-2x-ZDY28w"
  >
    <input
      class="src-ui-controls-Radio-src-index-module__Radio__input-yKqNww"
      id="_r_1_"
      type="radio"
    />
    <div
      class="src-ui-layout-Flex-src-index-module__Flex-CjMHfi src-ui-layout-Flex-src-index-module__Flex--direction-column-AI7WGW"
    >
      <span
        class="src-ui-basic-Typography-src-index-module__Typography-Tt8pr3 src-ui-basic-Typography-src-index-module__Typography--type-base-CFs1tQ src-ui-controls-Radio-src-index-module__Radio__label-EGFlEw"
      >
        Radio with description
      </span>
      <span
        class="src-ui-basic-Typography-src-index-module__Typography-Tt8pr3 src-ui-basic-Typography-src-index-module__Typography--type-micro-btqKWh src-ui-controls-Radio-src-index-module__Radio__description-SSV3oT"
      >
        This is a helpful description
      </span>
    </div>
  </div>
</label>
`;

exports[`[SNAPSHOT] Radio > should render with description and error together 1`] = `
<label
  class="src-ui-controls-Radio-src-index-module__Radio-n_YMWT src-ui-controls-Radio-src-index-module__Radio--error-Mwa4OJ"
  for="_r_3_"
>
  <div
    class="src-ui-layout-Flex-src-index-module__Flex-CjMHfi src-ui-layout-Flex-src-index-module__Flex--align-flex-start-yILvEN src-ui-layout-Flex-src-index-module__Flex--gap-2x-ZDY28w"
  >
    <input
      class="src-ui-controls-Radio-src-index-module__Radio__input-yKqNww"
      id="_r_3_"
      type="radio"
    />
    <div
      class="src-ui-layout-Flex-src-index-module__Flex-CjMHfi src-ui-layout-Flex-src-index-module__Flex--direction-column-AI7WGW"
    >
      <span
        class="src-ui-basic-Typography-src-index-module__Typography-Tt8pr3 src-ui-basic-Typography-src-index-module__Typography--type-base-CFs1tQ src-ui-controls-Radio-src-index-module__Radio__label-EGFlEw"
      >
        Radio
      </span>
      <span
        class="src-ui-basic-Typography-src-index-module__Typography-Tt8pr3 src-ui-basic-Typography-src-index-module__Typography--type-micro-btqKWh src-ui-controls-Radio-src-index-module__Radio__description-SSV3oT"
      >
        Description text
      </span>
    </div>
  </div>
</label>
`;

exports[`[SNAPSHOT] Radio > should render with error 1`] = `
<label
  class="src-ui-controls-Radio-src-index-module__Radio-n_YMWT src-ui-controls-Radio-src-index-module__Radio--error-Mwa4OJ"
  for="_r_2_"
>
  <div
    class="src-ui-layout-Flex-src-index-module__Flex-CjMHfi src-ui-layout-Flex-src-index-module__Flex--align-flex-start-yILvEN src-ui-layout-Flex-src-index-module__Flex--gap-2x-ZDY28w"
  >
    <input
      class="src-ui-controls-Radio-src-index-module__Radio__input-yKqNww"
      id="_r_2_"
      type="radio"
    />
    <div
      class="src-ui-layout-Flex-src-index-module__Flex-CjMHfi src-ui-layout-Flex-src-index-module__Flex--direction-column-AI7WGW"
    >
      <span
        class="src-ui-basic-Typography-src-index-module__Typography-Tt8pr3 src-ui-basic-Typography-src-index-module__Typography--type-base-CFs1tQ src-ui-controls-Radio-src-index-module__Radio__label-EGFlEw"
      >
        Radio with error
      </span>
    </div>
  </div>
</label>
`;

exports[`[SNAPSHOT] Radio > should render with value 1`] = `
<label
  class="src-ui-controls-Radio-src-index-module__Radio-n_YMWT"
  for="_r_8_"
>
  <div
    class="src-ui-layout-Flex-src-index-module__Flex-CjMHfi src-ui-layout-Flex-src-index-module__Flex--align-flex-start-yILvEN src-ui-layout-Flex-src-index-module__Flex--gap-2x-ZDY28w"
  >
    <input
      class="src-ui-controls-Radio-src-index-module__Radio__input-yKqNww"
      id="_r_8_"
      type="radio"
      value="option1"
    />
    <div
      class="src-ui-layout-Flex-src-index-module__Flex-CjMHfi src-ui-layout-Flex-src-index-module__Flex--direction-column-AI7WGW"
    >
      <span
        class="src-ui-basic-Typography-src-index-module__Typography-Tt8pr3 src-ui-basic-Typography-src-index-module__Typography--type-base-CFs1tQ src-ui-controls-Radio-src-index-module__Radio__label-EGFlEw"
      >
        Radio with value
      </span>
    </div>
  </div>
</label>
`;
