// Rstest Snapshot v1

exports[`[SNAPSHOT] Divider > should render basic divider 1`] = `
<div
  class="src-ui-Divider-src-index-module__Divider-XcJqmT src-ui-Divider-src-index-module__Divider__horizontal-YtIoQY"
>
  <span />
  <span />
</div>
`;

exports[`[SNAPSHOT] Divider > should render horizontal divider 1`] = `
<div
  class="src-ui-Divider-src-index-module__Divider-XcJqmT src-ui-Divider-src-index-module__Divider__horizontal-YtIoQY"
>
  <span />
  <span />
</div>
`;

exports[`[SNAPSHOT] Divider > should render horizontal with label 1`] = `
<div
  class="src-ui-Divider-src-index-module__Divider-XcJqmT src-ui-Divider-src-index-module__Divider__horizontal-YtIoQY"
>
  <span />
  <p
    class="src-ui-Typography-src-index-module__Typography-ru9vNS src-ui-Typography-src-index-module__Typography--type-base-l7OoAQ"
  >
    Section
  </p>
  <span />
</div>
`;

exports[`[SNAPSHOT] Divider > should render vertical divider 1`] = `
<div
  class="src-ui-Divider-src-index-module__Divider-XcJqmT src-ui-Divider-src-index-module__Divider__vertical-qlIc83"
>
  <span />
  <span />
</div>
`;

exports[`[SNAPSHOT] Divider > should render vertical with label 1`] = `
<div
  class="src-ui-Divider-src-index-module__Divider-XcJqmT src-ui-Divider-src-index-module__Divider__vertical-qlIc83"
>
  <span />
  <p
    class="src-ui-Typography-src-index-module__Typography-ru9vNS src-ui-Typography-src-index-module__Typography--type-base-l7OoAQ"
  >
    Text
  </p>
  <span />
</div>
`;

exports[`[SNAPSHOT] Divider > should render with all props 1`] = `
<div
  class="src-ui-Divider-src-index-module__Divider-XcJqmT my-custom-divider src-ui-Divider-src-index-module__Divider__vertical-qlIc83"
>
  <span />
  <p
    class="src-ui-Typography-src-index-module__Typography-ru9vNS src-ui-Typography-src-index-module__Typography--type-base-l7OoAQ"
  >
    Divider
  </p>
  <span />
</div>
`;

exports[`[SNAPSHOT] Divider > should render with custom className 1`] = `
<div
  class="src-ui-Divider-src-index-module__Divider-XcJqmT custom-divider src-ui-Divider-src-index-module__Divider__horizontal-YtIoQY"
>
  <span />
  <span />
</div>
`;

exports[`[SNAPSHOT] Divider > should render with label 1`] = `
<div
  class="src-ui-Divider-src-index-module__Divider-XcJqmT src-ui-Divider-src-index-module__Divider__horizontal-YtIoQY"
>
  <span />
  <p
    class="src-ui-Typography-src-index-module__Typography-ru9vNS src-ui-Typography-src-index-module__Typography--type-base-l7OoAQ"
  >
    OR
  </p>
  <span />
</div>
`;
